// Jest Snapshot v1, https://goo.gl/fbAQLP

exports[`ConfirmationModal should renders ConfirmationModal component 1`] = `
<div>
  <Dialog
    aria-describedby="confirmation-subtitle"
    aria-labelledby="confirmation-title"
    onClose={[MockFunction]}
    open={true}
  >
    <h2
      className="MuiTypography-root MuiTypography-h6 MuiDialogTitle-root css-bdhsul-MuiTypography-root-MuiDialogTitle-root"
      id="confirmation-title"
    >
      Confirmation Modal
    </h2>
    <div
      className="MuiDialogContent-root css-ypiqx9-MuiDialogContent-root"
    >
      <p
        className="MuiDialogContentText-root MuiTypography-root MuiTypography-body1 css-qfso29-MuiTypography-root-MuiDialogContentText-root"
        id="confirmation-subtitle"
      >
        This is Confirmation Modal
      </p>
    </div>
    <div
      className="MuiDialogActions-root MuiDialogActions-spacing css-hlj6pa-MuiDialogActions-root"
    >
      <button
        className="MuiButton-root MuiButton-text MuiButton-textPrimary MuiButton-sizeMedium MuiButton-textSizeMedium MuiButtonBase-root  css-1e6y48t-MuiButtonBase-root-MuiButton-root"
        disabled={false}
        onBlur={[Function]}
        onClick={[MockFunction]}
        onContextMenu={[Function]}
        onDragLeave={[Function]}
        onFocus={[Function]}
        onKeyDown={[Function]}
        onKeyUp={[Function]}
        onMouseDown={[Function]}
        onMouseLeave={[Function]}
        onMouseUp={[Function]}
        onTouchEnd={[Function]}
        onTouchMove={[Function]}
        onTouchStart={[Function]}
        tabIndex={0}
        type="button"
      >
        Cancel
      </button>
      <button
        autoFocus={true}
        className="MuiButton-root MuiButton-text MuiButton-textPrimary MuiButton-sizeMedium MuiButton-textSizeMedium MuiButtonBase-root  css-1e6y48t-MuiButtonBase-root-MuiButton-root"
        disabled={false}
        onBlur={[Function]}
        onClick={[MockFunction]}
        onContextMenu={[Function]}
        onDragLeave={[Function]}
        onFocus={[Function]}
        onKeyDown={[Function]}
        onKeyUp={[Function]}
        onMouseDown={[Function]}
        onMouseLeave={[Function]}
        onMouseUp={[Function]}
        onTouchEnd={[Function]}
        onTouchMove={[Function]}
        onTouchStart={[Function]}
        tabIndex={0}
        type="button"
      >
        Confirm
      </button>
    </div>
  </Dialog>
</div>
`;
